A,B,C,D,E,F,G,H,I,J
3.5,4.9,3.2,3.8,4.3,3.9,1.6,1.7,0,0
1.7,3.2,3.5,3.8