A,B,C,D,E,F,G,H,I,J
4.8,4.9,3.2,3.8,4.3,4.4,2.1,1.7,2.5,0
2.1,2.5,3.2,3.8,4.3