Mozell Tilson,Robbin Barris,Cammy Schwartzberg,Kali Vencill,Pearline Pinette,Valery Desper,Lashawna Royer,Fausto Vanduzer,Todd Vegas,Carolynn Olague,Rafael Horsley,Ardelle Kapoor,Kali Stockdale,Tiana Sutera,Cherlyn Eldred,Ellsworth Escalera,Tamatha Chuang,Mohammed Abad,Marla Midgley,Nicolasa Macinnis
0,0,0,0.32,0.72,0,4.61058823529,0,0,0,0,0,4.33,4.77,0,0.35,1.91,0.89,0,0.78
0,0,0,0,0,0,0.32,0.35,0.72,0.78