Abby,Betty,Cathy,Demi,Elly,Fermi
5,0.7,1.1,0,4.3,2.1