Abby,Betty,Cathy,Demi,Elly,Fermi,Genie
5,5,4,2.3,1.7,0,1