A,B,C,D,E,F,G,H,I,J
4.8,4.9,3.2,3.8,4.3,3.9,2.1,1.7,0,0
2.1,3.2,3.8,3.9